THEIA_E5 canonical GT derivation audit
sources: /home/yangfan/guard/v3_GraphMAE/THEIA_E5_attack_to_nids.pt + /home/yangfan/guard/Ground_Truth/ground_truth_nids_theia_e5.pt ; db: theia_e5

DERIVED attack0 nid=71093 uuid=80370C6E-859F-D0CB-142A-500000000000 src=attack_to_nids table=netflow_node_table
DERIVED attack0 nid=71175 uuid=80370C6E-1600-8037-0CA7-67E600000000 src=attack_to_nids table=netflow_node_table
DERIVED attack0 nid=71180 uuid=80370C6E-1600-8037-0CA7-68E600000000 src=attack_to_nids table=netflow_node_table
DERIVED attack0 nid=71183 uuid=80370C6E-1600-8037-0CA7-69E600000000 src=attack_to_nids table=netflow_node_table
DERIVED attack0 nid=209154 uuid=00000000-0000-0000-0000-000000000000 src=attack_to_nids table=subject_node_table
DERIVED attack0 nid=1573896 uuid=6CCFB5A3-9CB2-5689-BA97-7776FBB241F0 src=attack_to_nids table=subject_node_table
DERIVED attack0 nid=1573897 uuid=49EFF3E1-5FD4-50FF-8C22-B12E8C7A72DD src=attack_to_nids table=subject_node_table
DERIVED attack0 nid=1574423 uuid=EA1A155C-E196-5FDA-9F66-A7566988D863 src=attack_to_nids table=subject_node_table
DERIVED attack0 nid=1574730 uuid=86267D07-B3FB-57D3-9667-4D9EE753DC83 src=attack_to_nids table=subject_node_table
DERIVED attack0 nid=1574758 uuid=FB39B4E5-3279-5FFD-8F6E-39F4786DA309 src=attack_to_nids table=subject_node_table
DERIVED attack0 nid=1574761 uuid=42FFDA9B-DA03-5FE6-B229-F91FB096D907 src=attack_to_nids table=subject_node_table
DERIVED attack0 nid=1574762 uuid=299666B9-5F8A-579D-9868-443E19D5ED4E src=attack_to_nids table=subject_node_table
DERIVED attack0 nid=1574763 uuid=8D12627C-42A6-50C9-B4DE-A3ED440E33BD src=attack_to_nids table=subject_node_table
DERIVED attack0 nid=1574855 uuid=B51CA62D-A770-574B-ACEE-5B34B7EC46F2 src=attack_to_nids table=subject_node_table
DERIVED attack0 nid=1574856 uuid=5FAEC575-D42B-57C9-B222-800D68DAAA74 src=attack_to_nids table=subject_node_table
DERIVED attack0 nid=1574857 uuid=54E97188-0A55-5521-99CD-E44A09C26D62 src=attack_to_nids table=subject_node_table
DERIVED attack0 nid=1575012 uuid=BD173AC3-940D-5057-BB51-3A0B825CF17B src=attack_to_nids table=subject_node_table
DERIVED attack0 nid=1575013 uuid=0C3B0E5F-D50B-5195-9952-B0EAE954AF33 src=attack_to_nids table=subject_node_table
DERIVED attack0 nid=1575014 uuid=E66A51DE-BEA0-54B1-AE8D-78C2F73C2870 src=attack_to_nids table=subject_node_table
DERIVED attack0 nid=1575015 uuid=420A2120-FB2B-57C3-A185-160482A8871C src=attack_to_nids table=subject_node_table
DERIVED attack0 nid=1575016 uuid=FE183354-E393-5ADA-83B2-8BD28A3A1A56 src=attack_to_nids table=subject_node_table
DERIVED attack0 nid=1575212 uuid=FB9DA469-6B27-5945-A305-5611A6D5D175 src=attack_to_nids table=subject_node_table
DERIVED attack0 nid=1575213 uuid=C3830CEE-97E3-560B-BFDB-C2B129094C55 src=attack_to_nids table=subject_node_table
DERIVED attack0 nid=1575214 uuid=938E2472-6080-596C-B5E6-77136AD01A40 src=attack_to_nids table=subject_node_table
DERIVED attack0 nid=1575215 uuid=CE5CCB85-9FA4-57E8-8BEB-35E76C4C6889 src=attack_to_nids table=subject_node_table
DERIVED attack0 nid=1575216 uuid=8235E527-1C02-5824-B7AC-3BED86C3FC23 src=attack_to_nids table=subject_node_table
DERIVED attack0 nid=1575217 uuid=7D2F83ED-6DF2-5C07-A425-CD08B63B9F82 src=attack_to_nids table=subject_node_table
DERIVED attack0 nid=1575218 uuid=1C63B3C8-E66D-5060-B097-CC658A2D7C91 src=attack_to_nids table=subject_node_table
DERIVED attack0 nid=1575249 uuid=1CD6069D-AB77-5DC8-8FBD-B4024CCC2AAA src=attack_to_nids table=subject_node_table
DERIVED attack0 nid=1575489 uuid=14F36D96-C877-5889-A809-819319D358D7 src=attack_to_nids table=subject_node_table
DERIVED attack0 nid=1575518 uuid=7C836D91-7F41-562E-9F5E-CC6E613D0C5B src=attack_to_nids table=subject_node_table
DERIVED attack0 nid=1575522 uuid=1E66435F-090C-5B26-81D2-DCDC3E064FE8 src=attack_to_nids table=subject_node_table
DERIVED attack0 nid=1575530 uuid=77315121-57D8-57AC-8B74-1E2D106E6DC0 src=attack_to_nids table=subject_node_table
DERIVED attack0 nid=1575531 uuid=4F1BDDC7-E2CA-514D-965F-140A4D45E3C0 src=attack_to_nids table=subject_node_table
DERIVED attack0 nid=1575781 uuid=77A5F47E-9F41-5F79-81F2-1D603BEE02CB src=attack_to_nids table=subject_node_table
DERIVED attack0 nid=1575782 uuid=E71415C9-824F-57E8-8CD8-E2DD1BF5F1C2 src=attack_to_nids table=subject_node_table
DERIVED attack0 nid=1575806 uuid=F3AB14A3-4CC1-54F3-BEFB-092E67BE33CC src=attack_to_nids table=subject_node_table
DERIVED attack0 nid=1575809 uuid=599B082D-A4DE-5153-B9A1-005DD53458ED src=attack_to_nids table=subject_node_table
DERIVED attack0 nid=1575812 uuid=960167A3-320D-5D01-A5D7-6BEDB9BA2F37 src=attack_to_nids table=subject_node_table
DERIVED attack0 nid=1575813 uuid=118D7087-A326-557D-9AB8-7215FFD91390 src=attack_to_nids table=subject_node_table
DERIVED attack0 nid=1575814 uuid=4BD068FA-4AC9-5C4B-84A5-4B03CD4048DE src=attack_to_nids table=subject_node_table
DERIVED attack0 nid=1575967 uuid=D5E6AF81-29C2-557C-873C-810E7965CCBE src=attack_to_nids table=subject_node_table
DERIVED attack0 nid=1575968 uuid=A2555C30-F77B-5252-9086-960B8B744820 src=attack_to_nids table=subject_node_table
DERIVED attack0 nid=1576075 uuid=EB29D902-6C8B-556C-AD67-E6D459D673A4 src=attack_to_nids table=subject_node_table
DERIVED attack0 nid=1576076 uuid=CDD9894A-2EE3-5167-9191-8FF33DA9822F src=attack_to_nids table=subject_node_table
DERIVED attack0 nid=1576077 uuid=FBDDE7B6-24EE-50EB-A34B-2588A0DB4EDE src=attack_to_nids table=subject_node_table
DERIVED attack0 nid=1576232 uuid=8E6AB6B3-C0E9-5AC4-A429-D8C44269E538 src=attack_to_nids table=subject_node_table
DERIVED attack0 nid=1576233 uuid=16945BF4-3873-54E6-B177-FE882B4F3C21 src=attack_to_nids table=subject_node_table
DERIVED attack0 nid=1576330 uuid=2C4719F7-5AF8-5099-A89D-E67CA90F18B6 src=attack_to_nids table=subject_node_table
DERIVED attack0 nid=1576333 uuid=DB0E28AD-412D-5EDB-9090-A60CA954927A src=attack_to_nids table=subject_node_table
DERIVED attack0 nid=1576334 uuid=D7D38965-3632-51D5-ACC2-C014598A1B02 src=attack_to_nids table=subject_node_table
DERIVED attack0 nid=1576335 uuid=7F25C02A-1173-5FFA-A53F-CFD6DFA25460 src=attack_to_nids table=subject_node_table
DERIVED attack0 nid=1576490 uuid=6B00C251-E650-5D1A-AFA5-A577CF1A7496 src=attack_to_nids table=subject_node_table
DERIVED attack0 nid=1576491 uuid=7CC8E4BF-965C-5C41-82F0-76F2841CA2D4 src=attack_to_nids table=subject_node_table
DERIVED attack0 nid=1576595 uuid=16078C68-57FD-506D-92E9-29035A8C800C src=attack_to_nids table=subject_node_table
DERIVED attack0 nid=1576596 uuid=F3470B6E-32F1-55CD-BDBB-29271D1A1337 src=attack_to_nids table=subject_node_table
DERIVED attack0 nid=1576597 uuid=4B0F1E8B-633B-55E5-9CE6-3C3013BCFC97 src=attack_to_nids table=subject_node_table
DERIVED attack0 nid=1576865 uuid=A05BE6D6-98DE-5CF2-86C3-AFF61EAE57A3 src=attack_to_nids table=subject_node_table
DERIVED attack0 nid=1576866 uuid=600330D2-9A49-5220-BD13-17B21A236F18 src=attack_to_nids table=subject_node_table
DERIVED attack0 nid=1576867 uuid=6DC79251-B698-5824-A030-9BFB327FC685 src=attack_to_nids table=subject_node_table
DERIVED attack0 nid=1577020 uuid=1FCC1D14-89FE-5E43-BF80-0C13580C9E61 src=attack_to_nids table=subject_node_table
DERIVED attack0 nid=1577021 uuid=D3C62334-1496-52A9-971D-130C53593EDF src=attack_to_nids table=subject_node_table
DERIVED attack0 nid=1577036 uuid=ADF705F9-3E99-5E54-9362-1C316A68775F src=attack_to_nids table=subject_node_table
DERIVED attack0 nid=1577037 uuid=3E6B1B04-0702-501C-B18A-206709055D2A src=attack_to_nids table=subject_node_table
DERIVED attack0 nid=1577038 uuid=D6C68B07-5843-5CC6-9FD0-ABA3150D6C30 src=attack_to_nids table=subject_node_table
DERIVED attack0 nid=1577191 uuid=2112D882-F8C1-5228-A224-8448D17E1284 src=attack_to_nids table=subject_node_table
DERIVED attack0 nid=1577192 uuid=B45850B8-0C0C-516A-9426-6155103B5658 src=attack_to_nids table=subject_node_table
DERIVED attack0 nid=1773434 uuid=84053D48-9767-59AE-A797-BAC5E4ED3368 src=attack_to_nids table=subject_node_table
DERIVED attack0 nid=4700490 uuid=12000000-9652-CA02-0000-000000000000 src=attack_to_nids table=file_node_table
DERIVED attack0 nid=4700734 uuid=0100D00F-3437-3C00-0000-00004B61DC5C src=attack_to_nids table=file_node_table
