DERIVED attack0 nid=85654 uuid=CED86807-77E2-11E9-A28B-D4AE52C1DBD3 src=attack_to_nids table=netflow_node_table
DERIVED attack0 nid=85655 uuid=CED88597-77E2-11E9-A28B-D4AE52C1DBD3 src=attack_to_nids table=netflow_node_table
DERIVED attack0 nid=139142 uuid=B3BD3A42-7042-11E9-A28B-D4AE52C1DBD3 src=attack_to_nids table=netflow_node_table
DERIVED attack0 nid=139196 uuid=7281A09A-77DF-11E9-B41B-D4AE52C1DBD3 src=attack_to_nids table=netflow_node_table
DERIVED attack0 nid=139207 uuid=9B2BF81D-77DF-11E9-B41B-D4AE52C1DBD3 src=attack_to_nids table=netflow_node_table
DERIVED attack0 nid=2757112 uuid=C45124D6-77E1-11E9-B41B-D4AE52C1DBD3 src=attack_to_nids table=subject_node_table
DERIVED attack0 nid=2757324 uuid=E15F7631-77E1-11E9-A28B-D4AE52C1DBD3 src=attack_to_nids table=subject_node_table
DERIVED attack0 nid=2759196 uuid=836C6FA6-77E2-11E9-B41B-D4AE52C1DBD3 src=attack_to_nids table=subject_node_table
DERIVED attack0 nid=2759321 uuid=B3BE35BB-7042-11E9-A28B-D4AE52C1DBD3 src=attack_to_nids table=subject_node_table
DERIVED attack0 nid=2763460 uuid=00F2FDB9-7043-11E9-B41B-D4AE52C1DBD3 src=attack_to_nids table=subject_node_table
DERIVED attack0 nid=4265972 uuid=DFB6458C-77DE-11E9-B129-6C2B597E484C src=attack_to_nids table=subject_node_table
DERIVED attack0 nid=4266044 uuid=00F33638-7043-11E9-B41B-D4AE52C1DBD3 src=attack_to_nids table=subject_node_table
DERIVED attack0 nid=4271601 uuid=8CF8D717-77DF-11E9-B41B-D4AE52C1DBD3 src=attack_to_nids table=subject_node_table
DERIVED attack0 nid=4271611 uuid=00F3278E-7043-11E9-B41B-D4AE52C1DBD3 src=attack_to_nids table=subject_node_table
DERIVED attack0 nid=6795857 uuid=908C1871-9556-355C-9695-1D084C35A52A src=attack_to_nids table=file_node_table
DERIVED attack0 nid=6796035 uuid=A6F2F9E7-6EBD-E25B-BD6E-94157BE27558 src=attack_to_nids table=file_node_table
DERIVED attack0 nid=6806766 uuid=EDAD853A-31D9-ED54-9931-889CC4ED15B6 src=attack_to_nids table=file_node_table
DERIVED attack0 nid=6817547 uuid=416AB837-8E42-6D58-828E-6976586D8E68 src=attack_to_nids table=file_node_table
DERIVED attack0 nid=8323949 uuid=0CE6DEF9-CAA1-795F-A1CA-8B642F79D07D src=attack_to_nids table=file_node_table
DERIVED attack1 nid=86200 uuid=B7648BCF-78B2-11E9-A28B-D4AE52C1DBD3 src=attack_to_nids table=netflow_node_table
DERIVED attack1 nid=128932 uuid=7616A7B7-78AE-11E9-A28B-D4AE52C1DBD3 src=attack_to_nids table=netflow_node_table
DERIVED attack1 nid=129114 uuid=B68C6FD7-78AE-11E9-A28B-D4AE52C1DBD3 src=attack_to_nids table=netflow_node_table
DERIVED attack1 nid=129363 uuid=98A2F9DC-78AF-11E9-B41B-D4AE52C1DBD3 src=attack_to_nids table=netflow_node_table
DERIVED attack1 nid=129364 uuid=98A5B5B4-78AF-11E9-B41B-D4AE52C1DBD3 src=attack_to_nids table=netflow_node_table
DERIVED attack1 nid=2759322 uuid=B388B6DF-7042-11E9-A28B-D4AE52C1DBD3 src=attack_to_nids table=subject_node_table
DERIVED attack1 nid=2763537 uuid=444EDBB8-77E4-11E9-B41B-D4AE52C1DBD3 src=attack_to_nids table=subject_node_table
DERIVED attack1 nid=2772872 uuid=1E2E3C6D-77E5-11E9-A28B-D4AE52C1DBD3 src=attack_to_nids table=subject_node_table
DERIVED attack1 nid=2777179 uuid=8F140D2C-78B2-11E9-B41B-D4AE52C1DBD3 src=attack_to_nids table=subject_node_table
DERIVED attack1 nid=2782863 uuid=74FF2B35-78B3-11E9-B41B-D4AE52C1DBD3 src=attack_to_nids table=subject_node_table
DERIVED attack1 nid=2793460 uuid=B3FE3566-78B4-11E9-A28B-D4AE52C1DBD3 src=attack_to_nids table=subject_node_table
DERIVED attack1 nid=2795186 uuid=D1A8D277-78B4-11E9-B129-6C2B597E484C src=attack_to_nids table=subject_node_table
DERIVED attack1 nid=2798516 uuid=E2CCE174-78B5-11E9-B41B-D4AE52C1DBD3 src=attack_to_nids table=subject_node_table
DERIVED attack1 nid=2803287 uuid=A398DF14-78B6-11E9-B41B-D4AE52C1DBD3 src=attack_to_nids table=subject_node_table
DERIVED attack1 nid=2864458 uuid=E1754BCE-78B8-11E9-B129-6C2B597E484C src=attack_to_nids table=subject_node_table
DERIVED attack1 nid=2864822 uuid=F18841CF-78B8-11E9-B41B-D4AE52C1DBD3 src=attack_to_nids table=subject_node_table
DERIVED attack1 nid=2868775 uuid=2075E781-78B9-11E9-B129-6C2B597E484C src=attack_to_nids table=subject_node_table
DERIVED attack1 nid=2874894 uuid=CE2DFB1A-78BA-11E9-B41B-D4AE52C1DBD3 src=attack_to_nids table=subject_node_table
DERIVED attack1 nid=2875923 uuid=D870985E-78BA-11E9-B129-6C2B597E484C src=attack_to_nids table=subject_node_table
DERIVED attack1 nid=2877560 uuid=FB2814CB-78BA-11E9-B129-6C2B597E484C src=attack_to_nids table=subject_node_table
DERIVED attack1 nid=2889040 uuid=668260F8-78BC-11E9-B129-6C2B597E484C src=attack_to_nids table=subject_node_table
DERIVED attack1 nid=2895103 uuid=04893FBB-78BD-11E9-B129-6C2B597E484C src=attack_to_nids table=subject_node_table
DERIVED attack1 nid=3174370 uuid=7525B473-78D7-11E9-B129-6C2B597E484C src=attack_to_nids table=subject_node_table
DERIVED attack1 nid=3174578 uuid=D4490425-78D7-11E9-B41B-D4AE52C1DBD3 src=attack_to_nids table=subject_node_table
DERIVED attack1 nid=3176330 uuid=F25642F3-78D7-11E9-B129-6C2B597E484C src=attack_to_nids table=subject_node_table
DERIVED attack1 nid=3182279 uuid=87DA8B4C-78D8-11E9-B41B-D4AE52C1DBD3 src=attack_to_nids table=subject_node_table
DERIVED attack1 nid=3185500 uuid=D8207B63-78D8-11E9-B129-6C2B597E484C src=attack_to_nids table=subject_node_table
DERIVED attack1 nid=3186169 uuid=D6EDA8AA-78D8-11E9-B41B-D4AE52C1DBD3 src=attack_to_nids table=subject_node_table
DERIVED attack1 nid=3186565 uuid=7F1D2AA8-78D9-11E9-B41B-D4AE52C1DBD3 src=attack_to_nids table=subject_node_table
DERIVED attack1 nid=3190941 uuid=C40F4135-78D9-11E9-B129-6C2B597E484C src=attack_to_nids table=subject_node_table
DERIVED attack1 nid=3192437 uuid=F457CA1A-78D9-11E9-B129-6C2B597E484C src=attack_to_nids table=subject_node_table
DERIVED attack1 nid=3194063 uuid=0CA9F5AE-78DA-11E9-B129-6C2B597E484C src=attack_to_nids table=subject_node_table
DERIVED attack1 nid=3195935 uuid=7FC54CB7-78DA-11E9-B129-6C2B597E484C src=attack_to_nids table=subject_node_table
DERIVED attack1 nid=3951711 uuid=27DF5C2D-78AE-11E9-A28B-D4AE52C1DBD3 src=attack_to_nids table=subject_node_table
DERIVED attack1 nid=3951715 uuid=317310DC-78AE-11E9-B41B-D4AE52C1DBD3 src=attack_to_nids table=subject_node_table
DERIVED attack1 nid=3951792 uuid=719AEB79-78AE-11E9-B129-6C2B597E484C src=attack_to_nids table=subject_node_table
DERIVED attack1 nid=3952026 uuid=9E25A500-78AE-11E9-B129-6C2B597E484C src=attack_to_nids table=subject_node_table
DERIVED attack1 nid=3953732 uuid=05621957-78AF-11E9-B129-6C2B597E484C src=attack_to_nids table=subject_node_table
DERIVED attack1 nid=3959506 uuid=00C2CE8C-7043-11E9-B41B-D4AE52C1DBD3 src=attack_to_nids table=subject_node_table
DERIVED attack1 nid=3960033 uuid=A11713AE-78AF-11E9-B129-6C2B597E484C src=attack_to_nids table=subject_node_table
DERIVED attack1 nid=3961747 uuid=BA6F34DD-78AF-11E9-B129-6C2B597E484C src=attack_to_nids table=subject_node_table
DERIVED attack1 nid=3963873 uuid=F722F8FC-78AF-11E9-A28B-D4AE52C1DBD3 src=attack_to_nids table=subject_node_table
DERIVED attack1 nid=3965513 uuid=1D3D60BB-78B0-11E9-B129-6C2B597E484C src=attack_to_nids table=subject_node_table
DERIVED attack1 nid=3970761 uuid=53A80E58-78B1-11E9-B129-6C2B597E484C src=attack_to_nids table=subject_node_table
DERIVED attack1 nid=4512000 uuid=24B39D2F-78CD-11E9-B129-6C2B597E484C src=attack_to_nids table=subject_node_table
DERIVED attack1 nid=4514221 uuid=E8778190-78CD-11E9-B129-6C2B597E484C src=attack_to_nids table=subject_node_table
DERIVED attack1 nid=4514504 uuid=5825B5A5-78CE-11E9-A28B-D4AE52C1DBD3 src=attack_to_nids table=subject_node_table
DERIVED attack1 nid=4514514 uuid=58CDD4A9-78CE-11E9-A28B-D4AE52C1DBD3 src=attack_to_nids table=subject_node_table
DERIVED attack1 nid=4518928 uuid=E5DD578D-78CE-11E9-A28B-D4AE52C1DBD3 src=attack_to_nids table=subject_node_table
DERIVED attack1 nid=4521938 uuid=2816E03F-78CF-11E9-B129-6C2B597E484C src=attack_to_nids table=subject_node_table
DERIVED attack1 nid=4524132 uuid=4E4159BF-78CF-11E9-B129-6C2B597E484C src=attack_to_nids table=subject_node_table
DERIVED attack1 nid=4525966 uuid=955662EC-78CF-11E9-B129-6C2B597E484C src=attack_to_nids table=subject_node_table
DERIVED attack1 nid=4530057 uuid=8413A206-78D0-11E9-B129-6C2B597E484C src=attack_to_nids table=subject_node_table
DERIVED attack1 nid=4535103 uuid=CB177E33-78D0-11E9-B41B-D4AE52C1DBD3 src=attack_to_nids table=subject_node_table
DERIVED attack1 nid=4538265 uuid=ECF47568-78D0-11E9-A28B-D4AE52C1DBD3 src=attack_to_nids table=subject_node_table
DERIVED attack1 nid=4539323 uuid=300A2D44-78D1-11E9-B41B-D4AE52C1DBD3 src=attack_to_nids table=subject_node_table
DERIVED attack1 nid=4541242 uuid=8BA69EA3-78D1-11E9-B129-6C2B597E484C src=attack_to_nids table=subject_node_table
DERIVED attack1 nid=4543233 uuid=96072DA0-78D1-11E9-A28B-D4AE52C1DBD3 src=attack_to_nids table=subject_node_table
DERIVED attack1 nid=4544830 uuid=CD344664-78D1-11E9-B129-6C2B597E484C src=attack_to_nids table=subject_node_table
DERIVED attack1 nid=4936184 uuid=8652A2BB-78C3-11E9-B129-6C2B597E484C src=attack_to_nids table=subject_node_table
DERIVED attack1 nid=4939508 uuid=62174A6F-78C4-11E9-B41B-D4AE52C1DBD3 src=attack_to_nids table=subject_node_table
DERIVED attack1 nid=4941981 uuid=87859DC1-78C5-11E9-B129-6C2B597E484C src=attack_to_nids table=subject_node_table
DERIVED attack1 nid=4956055 uuid=F9830C54-78C6-11E9-B41B-D4AE52C1DBD3 src=attack_to_nids table=subject_node_table
DERIVED attack1 nid=4958389 uuid=7F896AB1-78C7-11E9-B41B-D4AE52C1DBD3 src=attack_to_nids table=subject_node_table
DERIVED attack1 nid=4960185 uuid=A9645399-78C7-11E9-B129-6C2B597E484C src=attack_to_nids table=subject_node_table
DERIVED attack1 nid=4963832 uuid=455FEBE0-78C8-11E9-B129-6C2B597E484C src=attack_to_nids table=subject_node_table
DERIVED attack1 nid=5271989 uuid=933716CD-78BD-11E9-B129-6C2B597E484C src=attack_to_nids table=subject_node_table
DERIVED attack1 nid=5273850 uuid=D2C09811-78BD-11E9-A28B-D4AE52C1DBD3 src=attack_to_nids table=subject_node_table
DERIVED attack1 nid=5274108 uuid=FE4D887B-78BD-11E9-B41B-D4AE52C1DBD3 src=attack_to_nids table=subject_node_table
DERIVED attack1 nid=5278329 uuid=8BF2B9CF-78BE-11E9-B129-6C2B597E484C src=attack_to_nids table=subject_node_table
DERIVED attack1 nid=5279390 uuid=D6ECF5A9-78BE-11E9-B41B-D4AE52C1DBD3 src=attack_to_nids table=subject_node_table
DERIVED attack1 nid=5279392 uuid=D82DE488-78BE-11E9-B41B-D4AE52C1DBD3 src=attack_to_nids table=subject_node_table
DERIVED attack1 nid=5283552 uuid=D7BCDDC2-78BF-11E9-B129-6C2B597E484C src=attack_to_nids table=subject_node_table
DERIVED attack1 nid=5286287 uuid=FCE3AFC5-78C0-11E9-A28B-D4AE52C1DBD3 src=attack_to_nids table=subject_node_table
DERIVED attack1 nid=5286295 uuid=03B19524-78C1-11E9-A28B-D4AE52C1DBD3 src=attack_to_nids table=subject_node_table
DERIVED attack1 nid=5288490 uuid=569F09B5-78C1-11E9-B41B-D4AE52C1DBD3 src=attack_to_nids table=subject_node_table
DERIVED attack1 nid=5290232 uuid=D80FF8A6-78C1-11E9-B41B-D4AE52C1DBD3 src=attack_to_nids table=subject_node_table
DERIVED attack1 nid=5290529 uuid=DEEF2E3A-78C1-11E9-B41B-D4AE52C1DBD3 src=attack_to_nids table=subject_node_table
DERIVED attack1 nid=5292391 uuid=04C8EE06-78C2-11E9-B129-6C2B597E484C src=attack_to_nids table=subject_node_table
DERIVED attack1 nid=5956874 uuid=E61AD2CD-78C8-11E9-B129-6C2B597E484C src=attack_to_nids table=subject_node_table
DERIVED attack1 nid=5963383 uuid=17D7A080-78CA-11E9-A28B-D4AE52C1DBD3 src=attack_to_nids table=subject_node_table
DERIVED attack1 nid=5963494 uuid=57F3D07B-78CA-11E9-B129-6C2B597E484C src=attack_to_nids table=subject_node_table
DERIVED attack1 nid=5965183 uuid=70E3EF54-78CA-11E9-B129-6C2B597E484C src=attack_to_nids table=subject_node_table
DERIVED attack1 nid=5968518 uuid=E315791B-78CA-11E9-B41B-D4AE52C1DBD3 src=attack_to_nids table=subject_node_table
DERIVED attack1 nid=5975037 uuid=40766C76-78CC-11E9-B41B-D4AE52C1DBD3 src=attack_to_nids table=subject_node_table
DERIVED attack1 nid=5975055 uuid=43953230-78CC-11E9-B41B-D4AE52C1DBD3 src=attack_to_nids table=subject_node_table
DERIVED attack1 nid=5976908 uuid=A0065DDD-78CC-11E9-B41B-D4AE52C1DBD3 src=attack_to_nids table=subject_node_table
DERIVED attack1 nid=5976909 uuid=A1E007E5-78CC-11E9-B41B-D4AE52C1DBD3 src=attack_to_nids table=subject_node_table
DERIVED attack1 nid=5978883 uuid=E50D9FEF-78CC-11E9-B129-6C2B597E484C src=attack_to_nids table=subject_node_table
DERIVED attack1 nid=5980826 uuid=384A5F33-78CD-11E9-B41B-D4AE52C1DBD3 src=attack_to_nids table=subject_node_table
DERIVED attack1 nid=6704977 uuid=5C24A0A5-78D2-11E9-B129-6C2B597E484C src=attack_to_nids table=subject_node_table
DERIVED attack1 nid=6707217 uuid=D6548A13-78D2-11E9-A28B-D4AE52C1DBD3 src=attack_to_nids table=subject_node_table
DERIVED attack1 nid=6707349 uuid=F2B43A46-78D2-11E9-B129-6C2B597E484C src=attack_to_nids table=subject_node_table
DERIVED attack1 nid=6709010 uuid=0C96D82D-78D3-11E9-B129-6C2B597E484C src=attack_to_nids table=subject_node_table
DERIVED attack1 nid=6710103 uuid=3BDC8BDD-78D3-11E9-A28B-D4AE52C1DBD3 src=attack_to_nids table=subject_node_table
DERIVED attack1 nid=6711896 uuid=99F70B39-78D3-11E9-B129-6C2B597E484C src=attack_to_nids table=subject_node_table
DERIVED attack1 nid=6716423 uuid=39F53F07-78D4-11E9-A28B-D4AE52C1DBD3 src=attack_to_nids table=subject_node_table
DERIVED attack1 nid=6718155 uuid=7D856FDF-78D4-11E9-B129-6C2B597E484C src=attack_to_nids table=subject_node_table
DERIVED attack1 nid=6719740 uuid=995AEAE9-78D4-11E9-B129-6C2B597E484C src=attack_to_nids table=subject_node_table
DERIVED attack1 nid=6723113 uuid=25C9BE8E-78D5-11E9-B129-6C2B597E484C src=attack_to_nids table=subject_node_table
DERIVED attack1 nid=6723575 uuid=2AEE92ED-78D5-11E9-B41B-D4AE52C1DBD3 src=attack_to_nids table=subject_node_table
DERIVED attack1 nid=6795841 uuid=C0E60490-62BE-7B5A-BE62-6F2DBA7BA087 src=attack_to_nids table=file_node_table
DERIVED attack1 nid=6795853 uuid=ED281817-20F6-7E52-B620-7E7B827E05AF src=attack_to_nids table=file_node_table
DERIVED attack1 nid=6795857 uuid=908C1871-9556-355C-9695-1D084C35A52A src=attack_to_nids table=file_node_table
DERIVED attack1 nid=6795882 uuid=1633500B-D34B-8058-8BD3-ABB7D880915E src=attack_to_nids table=file_node_table
DERIVED attack1 nid=6806766 uuid=EDAD853A-31D9-ED54-9931-889CC4ED15B6 src=attack_to_nids table=file_node_table
DERIVED attack1 nid=6828172 uuid=28B1A6F9-C916-3251-96C9-2D1EA1327749 src=attack_to_nids table=file_node_table
